2026-08-24 09:19:21 | INFO     | core.logger_manager:info:69 - BLOCKORA_TRADE v1.0 starting...
2026-08-24 09:19:22 | INFO     | core.logger_manager:info:69 - Angel One SmartAPI connected successfully
2026-08-24 09:19:23 | INFO     | core.logger_manager:info:69 - Option Chain Engine initialized (Multi-Source)
2026-08-24 09:19:24 | INFO     | core.logger_manager:info:69 - Telegram Bot connected
2026-08-24 09:19:27 | INFO     | core.logger_manager:info:69 - JugaadIVFetcher expiry auto-set: 25-Aug-2026
2026-08-24 09:19:27 | INFO     | core.logger_manager:info:69 - Subscription Manager started (polling)
2026-08-24 09:19:27 | INFO     | core.logger_manager:info:69 - System initialization complete
2026-08-24 09:19:27 | INFO     | core.logger_manager:info:69 - BLOCKORA_TRADE started - entering main loop
2026-08-24 09:19:27 | INFO     | core.logger_manager:info:69 - Market OPENED - Starting analysis
2026-08-24 09:19:29 | INFO     | core.logger_manager:info:69 - Rate limiter: waiting 3.8s before next request
2026-08-24 09:20:22 | INFO     | core.logger_manager:info:69 - NSE source cooldown: CORSPROXY (60s)
2026-08-24 09:20:22 | INFO     | core.logger_manager:info:69 - Instrument master download (~30MB, startup only)...
2026-08-24 09:20:23 | WARNING  | core.logger_manager:warning:72 - Download failed; using OLD cache (expiry: 25AUG2026)
2026-08-24 09:20:23 | WARNING  | core.logger_manager:warning:72 - Token load failed (fallback active): 'NoneType' object is not iterable
2026-08-24 09:20:24 | INFO     | core.logger_manager:info:69 - Rate limiter: waiting 3.5s before next request
2026-08-24 09:20:28 | INFO     | core.logger_manager:info:69 - Angel LIVE chain ready: 31 strikes | PCR 0.95
2026-08-24 09:20:28 | INFO     | core.logger_manager:info:69 - Market Regime: HIGH_VOLATILITY | ADX:69.7 RSI:87.0 ATR%:0.05
2026-08-24 09:20:28 | WARNING  | core.logger_manager:warning:72 - Validator REJECT: ['highvol_min_rr:bad_rr_levels', 'highvol_oi_confirmation:oi_change_0%<10.0%', 'highvol_option_type_zone:option_type_CE_rsi_87_out_of_zone', 'bad_rr_levels']
2026-08-24 09:21:28 | INFO     | core.logger_manager:info:69 - Rate limiter: waiting 3.8s before next request
2026-08-24 09:22:19 | INFO     | core.logger_manager:info:69 - NSE source cooldown: CORSPROXY (60s)
2026-08-24 09:22:21 | INFO     | core.logger_manager:info:69 - Rate limiter: waiting 3.1s before next request
2026-08-24 09:22:24 | INFO     | core.logger_manager:info:69 - Angel LIVE chain ready: 31 strikes | PCR 0.96
2026-08-24 09:22:24 | INFO     | core.logger_manager:info:69 - Market Regime: HIGH_VOLATILITY | ADX:69.7 RSI:87.4 ATR%:0.05
2026-08-24 09:22:24 | WARNING  | core.logger_manager:warning:72 - Validator REJECT: ['highvol_min_rr:bad_rr_levels', 'highvol_oi_confirmation:oi_change_9%<10.0%', 'highvol_volume_filter:vol_19498505<=avg16333980x1.5', 'highvol_option_type_zone:option_type_CE_rsi_87_out_of_zone', 'bad_rr_levels']
2026-08-24 09:23:24 | INFO     | core.logger_manager:info:69 - Rate limiter: waiting 3.8s before next request
2026-08-24 09:24:16 | INFO     | core.logger_manager:info:69 - NSE source cooldown: CORSPROXY (60s)
2026-08-24 09:24:17 | INFO     | core.logger_manager:info:69 - Rate limiter: waiting 3.8s before next request
2026-08-24 09:24:21 | INFO     | core.logger_manager:info:69 - Angel LIVE chain ready: 31 strikes | PCR 0.96
2026-08-24 09:24:21 | INFO     | core.logger_manager:info:69 - Market Regime: HIGH_VOLATILITY | ADX:67.5 RSI:86.8 ATR%:0.05
2026-08-24 09:24:21 | WARNING  | core.logger_manager:warning:72 - Validator REJECT: ['highvol_min_rr:bad_rr_levels', 'highvol_oi_confirmation:oi_change_8%<10.0%', 'highvol_volume_filter:vol_22263215<=avg17916242x1.5', 'highvol_option_type_zone:option_type_CE_rsi_87_out_of_zone', 'bad_rr_levels']
2026-08-24 09:25:21 | INFO     | core.logger_manager:info:69 - Rate limiter: waiting 3.8s before next request
2026-08-24 09:26:04 | INFO     | core.logger_manager:info:69 - NSE source cooldown: CORSPROXY (60s)
2026-08-24 09:26:04 | INFO     | core.logger_manager:info:69 - Rate limiter: waiting 3.7s before next request
2026-08-24 09:26:08 | INFO     | core.logger_manager:info:69 - Angel LIVE chain ready: 31 strikes | PCR 0.96
2026-08-24 09:26:08 | INFO     | core.logger_manager:info:69 - Market Regime: HIGH_VOLATILITY | ADX:67.5 RSI:85.7 ATR%:0.05
2026-08-24 09:26:08 | WARNING  | core.logger_manager:warning:72 - Validator REJECT: ['highvol_min_rr:bad_rr_levels', 'highvol_oi_confirmation:oi_change_3%<10.0%', 'highvol_volume_filter:vol_24454170<=avg19365233x1.5', 'highvol_option_type_zone:option_type_CE_rsi_86_out_of_zone', 'bad_rr_levels']
2026-08-24 09:27:08 | INFO     | core.logger_manager:info:69 - Rate limiter: waiting 3.8s before next request
2026-08-24 09:28:02 | INFO     | core.logger_manager:info:69 - NSE source cooldown: CORSPROXY (60s)
2026-08-24 09:28:02 | INFO     | core.logger_manager:info:69 - Rate limiter: waiting 3.7s before next request
2026-08-24 09:28:06 | INFO     | core.logger_manager:info:69 - Angel LIVE chain ready: 31 strikes | PCR 0.97
2026-08-24 09:28:06 | INFO     | core.logger_manager:info:69 - Market Regime: HIGH_VOLATILITY | ADX:67.5 RSI:85.9 ATR%:0.05
2026-08-24 09:28:06 | WARNING  | core.logger_manager:warning:72 - Validator REJECT: ['highvol_min_rr:bad_rr_levels', 'highvol_oi_confirmation:oi_change_3%<10.0%', 'highvol_volume_filter:vol_26606645<=avg20637468x1.5', 'highvol_option_type_zone:option_type_CE_rsi_86_out_of_zone', 'bad_rr_levels']
2026-08-24 09:29:07 | INFO     | core.logger_manager:info:69 - Rate limiter: waiting 3.5s before next request
2026-08-24 09:29:57 | INFO     | core.logger_manager:info:69 - NSE source cooldown: CORSPROXY (60s)
2026-08-24 09:29:57 | INFO     | core.logger_manager:info:69 - Rate limiter: waiting 3.6s before next request
2026-08-24 09:30:02 | INFO     | core.logger_manager:info:69 - Angel LIVE chain ready: 31 strikes | PCR 0.96
2026-08-24 09:30:02 | INFO     | core.logger_manager:info:69 - Market Regime: HIGH_VOLATILITY | ADX:67.5 RSI:75.9 ATR%:0.05
2026-08-24 09:30:02 | WARNING  | core.logger_manager:warning:72 - Validator REJECT: ['highvol_min_rr:bad_rr_levels', 'highvol_oi_confirmation:oi_change_2%<10.0%', 'highvol_volume_filter:vol_12583480<=avg21831303x1.5', 'bad_rr_levels']
2026-08-24 09:31:02 | INFO     | core.logger_manager:info:69 - Rate limiter: waiting 3.8s before next request
2026-08-24 09:31:55 | INFO     | core.logger_manager:info:69 - NSE source cooldown: CORSPROXY (60s)
2026-08-24 09:31:56 | INFO     | core.logger_manager:info:69 - Rate limiter: waiting 3.7s before next request
2026-08-24 09:32:00 | INFO     | core.logger_manager:info:69 - Angel LIVE chain ready: 31 strikes | PCR 0.94
2026-08-24 09:32:00 | INFO     | core.logger_manager:info:69 - Market Regime: HIGH_VOLATILITY | ADX:67.5 RSI:72.4 ATR%:0.05
2026-08-24 09:32:00 | WARNING  | core.logger_manager:warning:72 - Validator REJECT: ['highvol_min_rr:bad_rr_levels', 'highvol_oi_confirmation:oi_change_4%<10.0%', 'highvol_volume_filter:vol_14645150<=avg21081203x1.5', 'bad_rr_levels']
2026-08-24 09:33:00 | INFO     | core.logger_manager:info:69 - Rate limiter: waiting 3.8s before next request
2026-08-24 09:33:50 | INFO     | core.logger_manager:info:69 - NSE source cooldown: CORSPROXY (60s)
2026-08-24 09:33:57 | INFO     | core.logger_manager:info:69 - Rate limiter: pausing 30s after 429/timeout
2026-08-24 09:33:57 | WARNING  | core.logger_manager:warning:72 - Stale data: ['Chain timestamp missing/invalid'] - retrying fetch
2026-08-24 09:33:57 | INFO     | core.logger_manager:info:69 - Rate limiter: waiting 30.0s before next request (backoff)
2026-08-24 09:34:28 | WARNING  | core.logger_manager:warning:72 - NO_TRADE cycle (stale data): ['Chain timestamp missing/invalid']
2026-08-24 09:35:56 | INFO     | core.logger_manager:info:69 - Rate limiter: waiting 3.8s before next request
2026-08-24 09:36:38 | INFO     | core.logger_manager:info:69 - NSE source cooldown: CORSPROXY (60s)
2026-08-24 09:36:38 | INFO     | core.logger_manager:info:69 - Rate limiter: waiting 3.7s before next request
2026-08-24 09:36:42 | INFO     | core.logger_manager:info:69 - Angel LIVE chain ready: 31 strikes | PCR 0.86
2026-08-24 09:36:42 | INFO     | core.logger_manager:info:69 - Market Regime: HIGH_VOLATILITY | ADX:30.9 RSI:68.4 ATR%:0.05
2026-08-24 09:36:42 | WARNING  | core.logger_manager:warning:72 - Validator REJECT: ['highvol_min_rr:bad_rr_levels', 'highvol_oi_confirmation:oi_change_10%<10.0%', 'highvol_volume_filter:vol_17902495<=avg20110532x1.5', 'highvol_option_type_zone:option_type_CE_rsi_68_out_of_zone', 'bad_rr_levels']
2026-08-24 09:38:44 | INFO     | core.logger_manager:info:69 - NSE source cooldown: CORSPROXY (60s)
2026-08-24 09:38:44 | INFO     | core.logger_manager:info:69 - Rate limiter: waiting 3.6s before next request
2026-08-24 09:38:50 | INFO     | core.logger_manager:info:69 - Angel LIVE chain ready: 31 strikes | PCR 0.84
2026-08-24 09:38:50 | INFO     | core.logger_manager:info:69 - Market Regime: HIGH_VOLATILITY | ADX:30.9 RSI:69.3 ATR%:0.05
2026-08-24 09:38:50 | WARNING  | core.logger_manager:warning:72 - Validator REJECT: ['highvol_min_rr:bad_rr_levels', 'highvol_oi_confirmation:oi_change_2%<10.0%', 'highvol_volume_filter:vol_19386120<=avg19238388x1.5', 'highvol_option_type_zone:option_type_CE_rsi_69_out_of_zone', 'bad_rr_levels']
2026-08-24 09:40:09 | INFO     | core.logger_manager:info:69 - Rate limiter: waiting 3.6s before next request
2026-08-24 09:41:08 | INFO     | core.logger_manager:info:69 - NSE source cooldown: CORSPROXY (60s)
2026-08-24 09:41:09 | INFO     | core.logger_manager:info:69 - Rate limiter: waiting 3.5s before next request
2026-08-24 09:41:13 | INFO     | core.logger_manager:info:69 - Angel LIVE chain ready: 31 strikes | PCR 0.83
2026-08-24 09:41:13 | INFO     | core.logger_manager:info:69 - Market Regime: HIGH_VOLATILITY | ADX:33.6 RSI:72.1 ATR%:0.05
2026-08-24 09:41:13 | INFO     | core.logger_manager:info:69 - 🚀 24400 PE better LTP Rs. 10.2+ MILE in 5 cycles!
2026-08-24 09:41:13 | WARNING  | core.logger_manager:warning:72 - Validator REJECT: ['highvol_min_rr:bad_rr_levels', 'highvol_oi_confirmation:oi_change_3%<10.0%', 'highvol_volume_filter:vol_20404670<=avg18224778x1.5', 'bad_rr_levels']
2026-08-24 09:44:08 | INFO     | core.logger_manager:info:69 - NSE source cooldown: CORSPROXY (60s)
2026-08-24 09:44:09 | INFO     | core.logger_manager:info:69 - Rate limiter: waiting 3.5s before next request
2026-08-24 09:44:13 | INFO     | core.logger_manager:info:69 - Angel LIVE chain ready: 31 strikes | PCR 0.83
2026-08-24 09:44:13 | INFO     | core.logger_manager:info:69 - Market Regime: HIGH_VOLATILITY | ADX:33.6 RSI:70.1 ATR%:0.05
2026-08-24 09:44:13 | WARNING  | core.logger_manager:warning:72 - Validator REJECT: ['highvol_min_rr:bad_rr_levels', 'highvol_oi_confirmation:oi_change_0%<10.0%', 'highvol_volume_filter:vol_22396595<=avg16984383x1.5', 'bad_rr_levels']
2026-08-24 09:45:41 | INFO     | core.logger_manager:info:69 - Rate limiter: pausing 30s after 429/timeout
2026-08-24 09:45:50 | INFO     | core.logger_manager:info:69 - Rate limiter: pausing 30s after 429/timeout
2026-08-24 09:46:48 | INFO     | core.logger_manager:info:69 - NSE source cooldown: CORSPROXY (60s)
2026-08-24 09:46:49 | INFO     | core.logger_manager:info:69 - Rate limiter: waiting 3.2s before next request
2026-08-24 09:46:53 | INFO     | core.logger_manager:info:69 - Angel LIVE chain ready: 31 strikes | PCR 0.83
2026-08-24 09:46:53 | INFO     | core.logger_manager:info:69 - Market Regime: HIGH_VOLATILITY | ADX:33.6 RSI:71.5 ATR%:0.05
2026-08-24 09:46:53 | WARNING  | core.logger_manager:warning:72 - Validator REJECT: ['highvol_min_rr:bad_rr_levels', 'highvol_oi_confirmation:oi_change_2%<10.0%', 'highvol_volume_filter:vol_23303020<=avg18947006x1.5', 'bad_rr_levels']
2026-08-24 09:47:53 | INFO     | core.logger_manager:info:69 - Rate limiter: waiting 3.6s before next request
2026-08-24 09:48:39 | INFO     | core.logger_manager:info:69 - NSE source cooldown: CORSPROXY (60s)
2026-08-24 09:48:40 | INFO     | core.logger_manager:info:69 - Rate limiter: waiting 3.6s before next request
2026-08-24 09:48:44 | INFO     | core.logger_manager:info:69 - Angel LIVE chain ready: 31 strikes | PCR 0.82
2026-08-24 09:48:44 | INFO     | core.logger_manager:info:69 - Market Regime: HIGH_VOLATILITY | ADX:33.6 RSI:70.0 ATR%:0.05
2026-08-24 09:48:44 | WARNING  | core.logger_manager:warning:72 - Validator REJECT: ['highvol_min_rr:bad_rr_levels', 'highvol_oi_confirmation:oi_change_1%<10.0%', 'highvol_volume_filter:vol_23735075<=avg20678580x1.5', 'bad_rr_levels']
2026-08-24 09:49:45 | INFO     | core.logger_manager:info:69 - Rate limiter: waiting 3.7s before next request
2026-08-24 09:50:39 | INFO     | core.logger_manager:info:69 - NSE source cooldown: CORSPROXY (60s)
2026-08-24 09:50:40 | INFO     | core.logger_manager:info:69 - Rate limiter: waiting 3.4s before next request
2026-08-24 09:50:44 | INFO     | core.logger_manager:info:69 - Angel LIVE chain ready: 31 strikes | PCR 0.83
2026-08-24 09:50:44 | INFO     | core.logger_manager:info:69 - Market Regime: HIGH_VOLATILITY | ADX:33.6 RSI:69.4 ATR%:0.06
2026-08-24 09:50:44 | WARNING  | core.logger_manager:warning:72 - Validator REJECT: ['highvol_min_rr:bad_rr_levels', 'highvol_oi_confirmation:oi_change_0%<10.0%', 'highvol_option_type_zone:option_type_CE_rsi_69_out_of_zone', 'bad_rr_levels']
2026-08-24 09:51:44 | INFO     | core.logger_manager:info:69 - Rate limiter: waiting 3.7s before next request
2026-08-24 09:52:36 | INFO     | core.logger_manager:info:69 - NSE source cooldown: CORSPROXY (60s)
2026-08-24 09:52:37 | INFO     | core.logger_manager:info:69 - Rate limiter: waiting 3.6s before next request
2026-08-24 09:52:41 | INFO     | core.logger_manager:info:69 - Angel LIVE chain ready: 31 strikes | PCR 0.83
2026-08-24 09:52:41 | INFO     | core.logger_manager:info:69 - Market Regime: HIGH_VOLATILITY | ADX:33.6 RSI:70.3 ATR%:0.06
2026-08-24 09:52:41 | WARNING  | core.logger_manager:warning:72 - Validator REJECT: ['highvol_min_rr:bad_rr_levels', 'highvol_oi_confirmation:oi_change_0%<10.0%', 'bad_rr_levels']
2026-08-24 09:53:41 | INFO     | core.logger_manager:info:69 - Rate limiter: waiting 3.7s before next request
2026-08-24 09:54:24 | INFO     | core.logger_manager:info:69 - NSE source cooldown: CORSPROXY (60s)
2026-08-24 09:54:25 | INFO     | core.logger_manager:info:69 - Rate limiter: waiting 3.5s before next request
2026-08-24 09:54:29 | INFO     | core.logger_manager:info:69 - Angel LIVE chain ready: 31 strikes | PCR 0.83
2026-08-24 09:54:29 | INFO     | core.logger_manager:info:69 - Market Regime: HIGH_VOLATILITY | ADX:30.8 RSI:67.4 ATR%:0.06
2026-08-24 09:54:29 | WARNING  | core.logger_manager:warning:72 - Validator REJECT: ['highvol_min_rr:bad_rr_levels', 'highvol_oi_confirmation:oi_change_1%<10.0%', 'highvol_volume_filter:vol_27937130<=avg34911084x1.5', 'highvol_option_type_zone:option_type_PE_rsi_67_out_of_zone', 'bad_rr_levels']
2026-08-24 09:55:29 | INFO     | core.logger_manager:info:69 - Rate limiter: waiting 3.7s before next request
2026-08-24 09:56:35 | INFO     | core.logger_manager:info:69 - NSE source cooldown: CORSPROXY (60s)
2026-08-24 09:56:41 | INFO     | core.logger_manager:info:69 - Rate limiter: waiting 1.1s before next request
2026-08-24 09:56:46 | INFO     | core.logger_manager:info:69 - Angel LIVE chain ready: 31 strikes | PCR 0.88
2026-08-24 09:56:46 | INFO     | core.logger_manager:info:69 - Market Regime: HIGH_VOLATILITY | ADX:25.0 RSI:64.7 ATR%:0.06
2026-08-24 09:56:46 | WARNING  | core.logger_manager:warning:72 - Validator REJECT: ['highvol_min_rr:bad_rr_levels', 'highvol_oi_confirmation:oi_change_0%<10.0%', 'highvol_option_type_zone:option_type_PE_rsi_65_out_of_zone', 'bad_rr_levels']
2026-08-24 09:58:20 | WARNING  | core.logger_manager:warning:72 - Stale data: ['Chain timestamp missing/invalid'] - retrying fetch
2026-08-24 09:58:20 | WARNING  | core.logger_manager:warning:72 - NO_TRADE cycle (stale data): ['Chain timestamp missing/invalid']
2026-08-24 09:59:35 | INFO     | core.logger_manager:info:69 - Rate limiter: pausing 30s after 429/timeout
2026-08-24 10:01:01 | INFO     | core.logger_manager:info:69 - NSE source cooldown: CORSPROXY (60s)
2026-08-24 10:01:22 | INFO     | core.logger_manager:info:69 - Angel LIVE chain ready: 31 strikes | PCR 0.87
2026-08-24 10:01:22 | WARNING  | core.logger_manager:warning:72 - Stale data: ['Spot stale 113.9s', 'Chain stale 21.0s'] - retrying fetch
2026-08-24 10:01:25 | INFO     | core.logger_manager:info:69 - Rate limiter: waiting 1.3s before next request
2026-08-24 10:01:35 | WARNING  | core.logger_manager:warning:72 - NO_TRADE cycle (stale data): ['Chain stale 34.4s']
2026-08-24 10:02:38 | INFO     | core.logger_manager:info:69 - Rate limiter: waiting 1.0s before next request
2026-08-24 10:03:39 | INFO     | core.logger_manager:info:69 - NSE source cooldown: CORSPROXY (60s)
2026-08-24 10:03:48 | INFO     | core.logger_manager:info:69 - Angel LIVE chain ready: 31 strikes | PCR 0.86
2026-08-24 10:03:48 | INFO     | core.logger_manager:info:69 - Market Regime: HIGH_VOLATILITY | ADX:26.2 RSI:64.8 ATR%:0.06
2026-08-24 10:03:48 | WARNING  | core.logger_manager:warning:72 - Validator REJECT: ['highvol_min_rr:bad_rr_levels', 'highvol_oi_confirmation:oi_change_1%<10.0%', 'highvol_option_type_zone:option_type_PE_rsi_65_out_of_zone', 'bad_rr_levels']
2026-08-24 10:06:55 | INFO     | core.logger_manager:info:69 - NSE source cooldown: CORSPROXY (60s)
2026-08-24 10:06:56 | INFO     | core.logger_manager:info:69 - Rate limiter: waiting 3.4s before next request
2026-08-24 10:07:01 | INFO     | core.logger_manager:info:69 - Angel LIVE chain ready: 31 strikes | PCR 0.86
2026-08-24 10:07:01 | WARNING  | core.logger_manager:warning:72 - Stale data: ['Spot stale 132.2s'] - retrying fetch
2026-08-24 10:07:01 | INFO     | core.logger_manager:info:69 - Rate limiter: waiting 3.1s before next request
2026-08-24 10:07:05 | INFO     | core.logger_manager:info:69 - Rate limiter: waiting 2.5s before next request
2026-08-24 10:07:09 | INFO     | core.logger_manager:info:69 - Market Regime: HIGH_VOLATILITY | ADX:24.9 RSI:64.8 ATR%:0.06
2026-08-24 10:07:09 | WARNING  | core.logger_manager:warning:72 - Validator REJECT: ['highvol_min_rr:bad_rr_levels', 'highvol_oi_confirmation:oi_change_0%<10.0%', 'highvol_option_type_zone:option_type_PE_rsi_65_out_of_zone', 'bad_rr_levels']
2026-08-24 10:08:55 | INFO     | core.logger_manager:info:69 - NSE source cooldown: CORSPROXY (60s)
2026-08-24 10:08:56 | INFO     | core.logger_manager:info:69 - Rate limiter: waiting 3.5s before next request
2026-08-24 10:09:00 | INFO     | core.logger_manager:info:69 - Angel LIVE chain ready: 31 strikes | PCR 0.85
2026-08-24 10:09:00 | INFO     | core.logger_manager:info:69 - Market Regime: HIGH_VOLATILITY | ADX:24.9 RSI:64.6 ATR%:0.06
2026-08-24 10:09:00 | WARNING  | core.logger_manager:warning:72 - Validator REJECT: ['highvol_min_rr:bad_rr_levels', 'highvol_oi_confirmation:oi_change_2%<10.0%', 'highvol_volume_filter:vol_125033155<=avg85257991x1.5', 'highvol_option_type_zone:option_type_PE_rsi_65_out_of_zone', 'bad_rr_levels']
2026-08-24 10:10:00 | INFO     | core.logger_manager:info:69 - Session refresh: re-login
2026-08-24 10:10:01 | INFO     | core.logger_manager:info:69 - Angel One SmartAPI connected successfully
2026-08-24 10:10:02 | INFO     | core.logger_manager:info:69 - Rate limiter: waiting 3.7s before next request
2026-08-24 10:10:55 | INFO     | core.logger_manager:info:69 - NSE source cooldown: CORSPROXY (60s)
2026-08-24 10:10:56 | INFO     | core.logger_manager:info:69 - Rate limiter: waiting 3.6s before next request
2026-08-24 10:11:00 | INFO     | core.logger_manager:info:69 - Angel LIVE chain ready: 31 strikes | PCR 0.85
2026-08-24 10:11:00 | INFO     | core.logger_manager:info:69 - Market Regime: HIGH_VOLATILITY | ADX:24.9 RSI:64.9 ATR%:0.06
2026-08-24 10:11:00 | WARNING  | core.logger_manager:warning:72 - Validator REJECT: ['highvol_min_rr:bad_rr_levels', 'highvol_oi_confirmation:oi_change_0%<10.0%', 'highvol_volume_filter:vol_126907885<=avg99665527x1.5', 'highvol_option_type_zone:option_type_PE_rsi_65_out_of_zone', 'bad_rr_levels']
2026-08-24 10:13:06 | INFO     | core.logger_manager:info:69 - NSE source cooldown: CORSPROXY (60s)
2026-08-24 10:13:09 | INFO     | core.logger_manager:info:69 - Rate limiter: waiting 2.9s before next request
2026-08-24 10:13:13 | INFO     | core.logger_manager:info:69 - Angel LIVE chain ready: 31 strikes | PCR 0.84
2026-08-24 10:13:13 | INFO     | core.logger_manager:info:69 - Market Regime: HIGH_VOLATILITY | ADX:27.8 RSI:65.9 ATR%:0.06
2026-08-24 10:13:13 | WARNING  | core.logger_manager:warning:72 - Validator REJECT: ['highvol_min_rr:bad_rr_levels', 'highvol_oi_confirmation:oi_change_0%<10.0%', 'highvol_volume_filter:vol_128278345<=avg119459678x1.5', 'highvol_option_type_zone:option_type_PE_rsi_66_out_of_zone', 'bad_rr_levels']
2026-08-24 10:15:01 | INFO     | core.logger_manager:info:69 - NSE source cooldown: CORSPROXY (60s)
2026-08-24 10:15:02 | INFO     | core.logger_manager:info:69 - Rate limiter: waiting 3.6s before next request
2026-08-24 10:15:07 | INFO     | core.logger_manager:info:69 - Angel LIVE chain ready: 31 strikes | PCR 0.85
2026-08-24 10:15:07 | INFO     | core.logger_manager:info:69 - Market Regime: HIGH_VOLATILITY | ADX:27.8 RSI:66.5 ATR%:0.06
2026-08-24 10:15:07 | WARNING  | core.logger_manager:warning:72 - Validator REJECT: ['highvol_min_rr:bad_rr_levels', 'highvol_oi_confirmation:oi_change_0%<10.0%', 'highvol_volume_filter:vol_129841985<=avg124160634x1.5', 'highvol_option_type_zone:option_type_PE_rsi_66_out_of_zone', 'bad_rr_levels']
2026-08-24 10:16:10 | INFO     | core.logger_manager:info:69 - Rate limiter: waiting 0.1s before next request
2026-08-24 10:17:10 | INFO     | core.logger_manager:info:69 - NSE source cooldown: CORSPROXY (60s)
2026-08-24 10:17:11 | INFO     | core.logger_manager:info:69 - Rate limiter: waiting 3.5s before next request
2026-08-24 10:17:15 | INFO     | core.logger_manager:info:69 - Angel LIVE chain ready: 31 strikes | PCR 0.84
2026-08-24 10:17:15 | INFO     | core.logger_manager:info:69 - Market Regime: HIGH_VOLATILITY | ADX:36.9 RSI:66.1 ATR%:0.06
2026-08-24 10:17:15 | WARNING  | core.logger_manager:warning:72 - Validator REJECT: ['highvol_min_rr:bad_rr_levels', 'highvol_oi_confirmation:oi_change_1%<10.0%', 'highvol_volume_filter:vol_132581280<=avg126480900x1.5', 'highvol_option_type_zone:option_type_PE_rsi_66_out_of_zone', 'bad_rr_levels']
2026-08-24 10:19:08 | INFO     | core.logger_manager:info:69 - NSE source cooldown: CORSPROXY (60s)
2026-08-24 10:19:09 | INFO     | core.logger_manager:info:69 - Rate limiter: waiting 3.4s before next request
2026-08-24 10:19:13 | INFO     | core.logger_manager:info:69 - Angel LIVE chain ready: 31 strikes | PCR 0.79
2026-08-24 10:19:13 | INFO     | core.logger_manager:info:69 - Market Regime: HIGH_VOLATILITY | ADX:36.9 RSI:66.7 ATR%:0.06
2026-08-24 10:19:13 | WARNING  | core.logger_manager:warning:72 - Validator REJECT: ['highvol_min_rr:bad_rr_levels', 'highvol_oi_confirmation:oi_change_0%<10.0%', 'highvol_volume_filter:vol_134552795<=avg128528530x1.5', 'highvol_option_type_zone:option_type_PE_rsi_67_out_of_zone', 'bad_rr_levels']
2026-08-24 10:20:14 | INFO     | core.logger_manager:info:69 - Rate limiter: waiting 3.6s before next request
2026-08-24 10:21:07 | INFO     | core.logger_manager:info:69 - NSE source cooldown: CORSPROXY (60s)
2026-08-24 10:21:09 | INFO     | core.logger_manager:info:69 - Rate limiter: waiting 3.5s before next request
2026-08-24 10:21:13 | INFO     | core.logger_manager:info:69 - Angel LIVE chain ready: 31 strikes | PCR 0.8
2026-08-24 10:21:13 | INFO     | core.logger_manager:info:69 - Market Regime: HIGH_VOLATILITY | ADX:31.7 RSI:62.7 ATR%:0.06
2026-08-24 10:21:13 | WARNING  | core.logger_manager:warning:72 - Validator REJECT: ['highvol_min_rr:bad_rr_levels', 'highvol_oi_confirmation:oi_change_3%<10.0%', 'highvol_volume_filter:vol_137997080<=avg130432458x1.5', 'highvol_option_type_zone:option_type_PE_rsi_63_out_of_zone', 'bad_rr_levels']
2026-08-24 10:23:03 | INFO     | core.logger_manager:info:69 - NSE source cooldown: CORSPROXY (60s)
2026-08-24 10:23:04 | INFO     | core.logger_manager:info:69 - Rate limiter: waiting 3.3s before next request
2026-08-24 10:23:08 | INFO     | core.logger_manager:info:69 - Angel LIVE chain ready: 31 strikes | PCR 0.8
2026-08-24 10:23:08 | INFO     | core.logger_manager:info:69 - Market Regime: HIGH_VOLATILITY | ADX:31.7 RSI:63.3 ATR%:0.06
2026-08-24 10:23:08 | WARNING  | core.logger_manager:warning:72 - Validator REJECT: ['highvol_min_rr:bad_rr_levels', 'highvol_oi_confirmation:oi_change_1%<10.0%', 'highvol_volume_filter:vol_140074285<=avg132650297x1.5', 'highvol_option_type_zone:option_type_PE_rsi_63_out_of_zone', 'bad_rr_levels']
2026-08-24 10:25:10 | INFO     | core.logger_manager:info:69 - NSE source cooldown: CORSPROXY (60s)
2026-08-24 10:25:13 | INFO     | core.logger_manager:info:69 - Rate limiter: waiting 2.8s before next request
2026-08-24 10:25:17 | INFO     | core.logger_manager:info:69 - Angel LIVE chain ready: 31 strikes | PCR 0.8
2026-08-24 10:25:17 | INFO     | core.logger_manager:info:69 - Market Regime: HIGH_VOLATILITY | ADX:31.7 RSI:61.6 ATR%:0.06
2026-08-24 10:25:17 | WARNING  | core.logger_manager:warning:72 - Validator REJECT: ['highvol_min_rr:bad_rr_levels', 'highvol_oi_confirmation:oi_change_0%<10.0%', 'highvol_volume_filter:vol_141898120<=avg135009485x1.5', 'highvol_option_type_zone:option_type_PE_rsi_62_out_of_zone', 'bad_rr_levels']
2026-08-24 10:26:17 | INFO     | core.logger_manager:info:69 - Rate limiter: waiting 3.5s before next request
2026-08-24 10:27:10 | INFO     | core.logger_manager:info:69 - NSE source cooldown: CORSPROXY (60s)
2026-08-24 10:27:11 | INFO     | core.logger_manager:info:69 - Rate limiter: waiting 3.5s before next request
2026-08-24 10:27:15 | INFO     | core.logger_manager:info:69 - Angel LIVE chain ready: 31 strikes | PCR 0.81
2026-08-24 10:27:15 | INFO     | core.logger_manager:info:69 - Market Regime: HIGH_VOLATILITY | ADX:57.7 RSI:27.4 ATR%:0.06
2026-08-24 10:27:15 | WARNING  | core.logger_manager:warning:72 - Validator REJECT: ['highvol_min_rr:bad_rr_levels', 'highvol_oi_confirmation:oi_change_1%<10.0%', 'highvol_volume_filter:vol_144341795<=avg137420712x1.5', 'highvol_direction_with_trend:counter_trend_signal', 'highvol_option_type_zone:option_type_PE_rsi_27_out_of_zone', 'bad_rr_levels']
2026-08-24 10:29:14 | INFO     | core.logger_manager:info:69 - NSE source cooldown: CORSPROXY (60s)
2026-08-24 10:29:15 | INFO     | core.logger_manager:info:69 - Rate limiter: waiting 3.1s before next request
2026-08-24 10:29:19 | INFO     | core.logger_manager:info:69 - Angel LIVE chain ready: 31 strikes | PCR 0.81
2026-08-24 10:29:19 | INFO     | core.logger_manager:info:69 - Market Regime: HIGH_VOLATILITY | ADX:57.7 RSI:29.5 ATR%:0.06
2026-08-24 10:29:19 | WARNING  | core.logger_manager:warning:72 - Validator REJECT: ['highvol_min_rr:bad_rr_levels', 'highvol_oi_confirmation:oi_change_1%<10.0%', 'highvol_volume_filter:vol_145718040<=avg139772815x1.5', 'highvol_direction_with_trend:counter_trend_signal', 'highvol_option_type_zone:option_type_PE_rsi_30_out_of_zone', 'bad_rr_levels']
2026-08-24 10:30:19 | INFO     | core.logger_manager:info:69 - Rate limiter: waiting 3.6s before next request
2026-08-24 10:31:09 | INFO     | core.logger_manager:info:69 - NSE source cooldown: CORSPROXY (60s)
2026-08-24 10:31:10 | INFO     | core.logger_manager:info:69 - Rate limiter: waiting 3.2s before next request
2026-08-24 10:31:14 | INFO     | core.logger_manager:info:69 - Angel LIVE chain ready: 31 strikes | PCR 0.81
2026-08-24 10:31:14 | INFO     | core.logger_manager:info:69 - Market Regime: HIGH_VOLATILITY | ADX:57.7 RSI:31.3 ATR%:0.06
2026-08-24 10:31:14 | WARNING  | core.logger_manager:warning:72 - Validator REJECT: ['highvol_min_rr:bad_rr_levels', 'highvol_oi_confirmation:oi_change_1%<10.0%', 'highvol_volume_filter:vol_147006665<=avg142005864x1.5', 'highvol_direction_with_trend:counter_trend_signal', 'highvol_option_type_zone:option_type_PE_rsi_31_out_of_zone', 'bad_rr_levels']
2026-08-24 10:33:16 | INFO     | core.logger_manager:info:69 - NSE source cooldown: CORSPROXY (60s)
2026-08-24 10:33:18 | INFO     | core.logger_manager:info:69 - Rate limiter: waiting 3.2s before next request
2026-08-24 10:33:22 | INFO     | core.logger_manager:info:69 - Angel LIVE chain ready: 31 strikes | PCR 0.82
2026-08-24 10:33:22 | INFO     | core.logger_manager:info:69 - Market Regime: HIGH_VOLATILITY | ADX:57.7 RSI:28.0 ATR%:0.06
2026-08-24 10:33:22 | WARNING  | core.logger_manager:warning:72 - Validator REJECT: ['highvol_min_rr:bad_rr_levels', 'highvol_oi_confirmation:oi_change_1%<10.0%', 'highvol_volume_filter:vol_149001320<=avg143807781x1.5', 'highvol_direction_with_trend:counter_trend_signal', 'highvol_option_type_zone:option_type_PE_rsi_28_out_of_zone', 'bad_rr_levels']
2026-08-24 10:36:04 | INFO     | core.logger_manager:info:69 - NSE source cooldown: CORSPROXY (60s)
2026-08-24 10:36:06 | INFO     | core.logger_manager:info:69 - Rate limiter: waiting 3.3s before next request
2026-08-24 10:36:12 | INFO     | core.logger_manager:info:69 - Angel LIVE chain ready: 31 strikes | PCR 0.82
2026-08-24 10:36:12 | WARNING  | core.logger_manager:warning:72 - Stale data: ['Spot stale 109.3s'] - retrying fetch
2026-08-24 10:36:12 | INFO     | core.logger_manager:info:69 - Rate limiter: waiting 0.9s before next request
2026-08-24 10:36:15 | INFO     | core.logger_manager:info:69 - Rate limiter: waiting 1.8s before next request
2026-08-24 10:36:20 | WARNING  | core.logger_manager:warning:72 - NO_TRADE cycle (stale data): ['Chain stale 16.0s']
2026-08-24 10:38:16 | INFO     | core.logger_manager:info:69 - NSE source cooldown: CORSPROXY (60s)
2026-08-24 10:38:17 | INFO     | core.logger_manager:info:69 - Rate limiter: waiting 3.4s before next request
2026-08-24 10:38:21 | INFO     | core.logger_manager:info:69 - Angel LIVE chain ready: 31 strikes | PCR 0.82
2026-08-24 10:38:21 | INFO     | core.logger_manager:info:69 - Market Regime: HIGH_VOLATILITY | ADX:40.3 RSI:44.5 ATR%:0.06
2026-08-24 10:38:21 | WARNING  | core.logger_manager:warning:72 - Validator REJECT: ['highvol_min_rr:bad_rr_levels', 'highvol_oi_confirmation:oi_change_1%<10.0%', 'highvol_volume_filter:vol_128174735<=avg145593188x1.5', 'highvol_option_type_zone:option_type_CE_rsi_44_out_of_zone', 'bad_rr_levels']
2026-08-24 10:40:12 | INFO     | core.logger_manager:info:69 - NSE source cooldown: CORSPROXY (60s)
2026-08-24 10:40:13 | INFO     | core.logger_manager:info:69 - Rate limiter: waiting 3.4s before next request
2026-08-24 10:40:17 | INFO     | core.logger_manager:info:69 - Angel LIVE chain ready: 31 strikes | PCR 0.82
2026-08-24 10:40:17 | INFO     | core.logger_manager:info:69 - Market Regime: HIGH_VOLATILITY | ADX:40.3 RSI:44.8 ATR%:0.06
2026-08-24 10:40:17 | WARNING  | core.logger_manager:warning:72 - Validator REJECT: ['highvol_min_rr:bad_rr_levels', 'highvol_oi_confirmation:oi_change_0%<10.0%', 'highvol_volume_filter:vol_80301455<=avg142848511x1.5', 'highvol_option_type_zone:option_type_CE_rsi_45_out_of_zone', 'bad_rr_levels']
2026-08-24 10:41:17 | INFO     | core.logger_manager:info:69 - Rate limiter: waiting 3.7s before next request
2026-08-24 10:42:45 | INFO     | core.logger_manager:info:69 - Rate limiter: pausing 30s after 429/timeout
2026-08-24 10:42:45 | WARNING  | core.logger_manager:warning:72 - Stale data: ['Chain timestamp missing/invalid'] - retrying fetch
2026-08-24 10:42:45 | INFO     | core.logger_manager:info:69 - Rate limiter: waiting 30.0s before next request (backoff)
2026-08-24 10:43:18 | WARNING  | core.logger_manager:warning:72 - NO_TRADE cycle (stale data): ['Chain timestamp missing/invalid']
2026-08-24 10:45:30 | INFO     | core.logger_manager:info:69 - NSE source cooldown: CORSPROXY (60s)
2026-08-24 10:45:31 | INFO     | core.logger_manager:info:69 - Rate limiter: waiting 3.3s before next request
2026-08-24 10:45:36 | INFO     | core.logger_manager:info:69 - Angel LIVE chain ready: 31 strikes | PCR 0.83
2026-08-24 10:45:36 | INFO     | core.logger_manager:info:69 - Market Regime: HIGH_VOLATILITY | ADX:13.0 RSI:56.0 ATR%:0.06
2026-08-24 10:45:36 | WARNING  | core.logger_manager:warning:72 - Validator REJECT: ['highvol_min_rr:bad_rr_levels', 'highvol_oi_confirmation:oi_change_1%<10.0%', 'highvol_volume_filter:vol_82687150<=avg130040443x1.5', 'highvol_option_type_zone:option_type_CE_rsi_56_out_of_zone', 'bad_rr_levels']
2026-08-24 10:46:37 | INFO     | core.logger_manager:info:69 - Rate limiter: waiting 3.7s before next request
2026-08-24 10:47:47 | INFO     | core.logger_manager:info:69 - NSE source cooldown: CORSPROXY (60s)
2026-08-24 10:47:48 | INFO     | core.logger_manager:info:69 - Rate limiter: waiting 3.6s before next request
2026-08-24 10:47:52 | INFO     | core.logger_manager:info:69 - Angel LIVE chain ready: 31 strikes | PCR 0.84
2026-08-24 10:47:52 | INFO     | core.logger_manager:info:69 - Market Regime: HIGH_VOLATILITY | ADX:13.0 RSI:51.6 ATR%:0.06
2026-08-24 10:47:52 | WARNING  | core.logger_manager:warning:72 - Validator REJECT: ['highvol_min_rr:bad_rr_levels', 'highvol_oi_confirmation:oi_change_0%<10.0%', 'highvol_volume_filter:vol_83410015<=avg117434265x1.5', 'highvol_option_type_zone:option_type_CE_rsi_52_out_of_zone', 'bad_rr_levels']
2026-08-24 10:48:52 | INFO     | core.logger_manager:info:69 - Rate limiter: waiting 3.6s before next request
2026-08-24 10:49:37 | INFO     | core.logger_manager:info:69 - NSE source cooldown: CORSPROXY (60s)
2026-08-24 10:49:39 | INFO     | core.logger_manager:info:69 - Rate limiter: waiting 3.5s before next request
2026-08-24 10:49:43 | INFO     | core.logger_manager:info:69 - Angel LIVE chain ready: 31 strikes | PCR 0.84
2026-08-24 10:49:43 | INFO     | core.logger_manager:info:69 - Market Regime: HIGH_VOLATILITY | ADX:5.0 RSI:39.9 ATR%:0.05
2026-08-24 10:49:43 | WARNING  | core.logger_manager:warning:72 - Validator REJECT: ['highvol_min_rr:bad_rr_levels', 'highvol_oi_confirmation:oi_change_0%<10.0%', 'highvol_volume_filter:vol_84588855<=avg104714935x1.5', 'highvol_option_type_zone:option_type_CE_rsi_40_out_of_zone', 'bad_rr_levels']
2026-08-24 10:50:45 | INFO     | core.logger_manager:info:69 - Rate limiter: waiting 2.5s before next request
2026-08-24 10:51:48 | INFO     | core.logger_manager:info:69 - NSE source cooldown: CORSPROXY (60s)
2026-08-24 10:51:49 | INFO     | core.logger_manager:info:69 - Rate limiter: waiting 3.1s before next request
2026-08-24 10:51:53 | INFO     | core.logger_manager:info:69 - Angel LIVE chain ready: 31 strikes | PCR 0.88
2026-08-24 10:51:53 | INFO     | core.logger_manager:info:69 - Market Regime: HIGH_VOLATILITY | ADX:10.4 RSI:32.7 ATR%:0.05
2026-08-24 10:51:53 | WARNING  | core.logger_manager:warning:72 - Validator REJECT: ['highvol_min_rr:bad_rr_levels', 'highvol_oi_confirmation:oi_change_1%<10.0%', 'highvol_volume_filter:vol_115290955<=avg91832442x1.5', 'highvol_option_type_zone:option_type_PE_rsi_33_out_of_zone', 'bad_rr_levels']
2026-08-24 10:52:53 | INFO     | core.logger_manager:info:69 - Rate limiter: waiting 3.6s before next request
2026-08-24 10:53:56 | INFO     | core.logger_manager:info:69 - NSE source cooldown: CORSPROXY (60s)
2026-08-24 10:53:57 | INFO     | core.logger_manager:info:69 - Rate limiter: waiting 3.4s before next request
2026-08-24 10:54:04 | INFO     | core.logger_manager:info:69 - Angel LIVE chain ready: 31 strikes | PCR 0.85
2026-08-24 10:54:04 | INFO     | core.logger_manager:info:69 - Market Regime: HIGH_VOLATILITY | ADX:24.7 RSI:27.8 ATR%:0.05
2026-08-24 10:54:04 | WARNING  | core.logger_manager:warning:72 - Validator REJECT: ['highvol_min_rr:bad_rr_levels', 'highvol_oi_confirmation:oi_change_2%<10.0%', 'highvol_volume_filter:vol_46017595<=avg89255686x1.5', 'highvol_option_type_zone:option_type_CE_rsi_28_out_of_zone', 'bad_rr_levels']
2026-08-24 10:55:04 | INFO     | core.logger_manager:info:69 - Rate limiter: waiting 3.6s before next request
2026-08-24 10:55:52 | INFO     | core.logger_manager:info:69 - NSE source cooldown: CORSPROXY (60s)
2026-08-24 10:55:54 | INFO     | core.logger_manager:info:69 - Rate limiter: waiting 3.3s before next request
2026-08-24 10:56:00 | INFO     | core.logger_manager:info:69 - Angel LIVE chain ready: 31 strikes | PCR 0.85
2026-08-24 10:56:00 | INFO     | core.logger_manager:info:69 - Market Regime: HIGH_VOLATILITY | ADX:24.7 RSI:32.3 ATR%:0.05
2026-08-24 10:56:00 | INFO     | core.logger_manager:info:69 - 🚀 24400 PE better LTP Rs. 6.65+ MILE in 5 cycles!
2026-08-24 10:56:00 | WARNING  | core.logger_manager:warning:72 - Validator REJECT: ['highvol_min_rr:bad_rr_levels', 'highvol_oi_confirmation:oi_change_1%<10.0%', 'highvol_volume_filter:vol_46731620<=avg82398914x1.5', 'highvol_option_type_zone:option_type_CE_rsi_32_out_of_zone', 'bad_rr_levels']
2026-08-24 10:57:00 | INFO     | core.logger_manager:info:69 - Rate limiter: waiting 3.6s before next request
2026-08-24 10:57:54 | INFO     | core.logger_manager:info:69 - NSE source cooldown: CORSPROXY (60s)
2026-08-24 10:57:55 | INFO     | core.logger_manager:info:69 - Rate limiter: waiting 3.5s before next request
2026-08-24 10:57:59 | INFO     | core.logger_manager:info:69 - Angel LIVE chain ready: 31 strikes | PCR 0.85
2026-08-24 10:57:59 | INFO     | core.logger_manager:info:69 - Market Regime: TRENDING | ADX:25.0 RSI:34.3 ATR%:0.04
2026-08-24 10:57:59 | WARNING  | core.logger_manager:warning:72 - Validator REJECT: ['bad_rr_levels']
2026-08-24 10:59:41 | INFO     | core.logger_manager:info:69 - NSE source cooldown: CORSPROXY (60s)
2026-08-24 10:59:44 | INFO     | core.logger_manager:info:69 - Rate limiter: waiting 2.1s before next request
2026-08-24 10:59:46 | INFO     | core.logger_manager:info:69 - Angel LIVE chain ready: 31 strikes | PCR 0.83
2026-08-24 10:59:46 | INFO     | core.logger_manager:info:69 - Market Regime: TRENDING | ADX:25.0 RSI:30.9 ATR%:0.04
2026-08-24 10:59:46 | WARNING  | core.logger_manager:warning:72 - Validator REJECT: ['bad_rr_levels']
2026-08-24 11:00:46 | INFO     | core.logger_manager:info:69 - Session refresh: re-login
2026-08-24 11:00:48 | INFO     | core.logger_manager:info:69 - Angel One SmartAPI connected successfully
2026-08-24 11:00:49 | INFO     | core.logger_manager:info:69 - Rate limiter: waiting 3.5s before next request
2026-08-24 11:01:47 | INFO     | core.logger_manager:info:69 - NSE source cooldown: CORSPROXY (60s)
2026-08-24 11:01:49 | INFO     | core.logger_manager:info:69 - Rate limiter: waiting 3.3s before next request
2026-08-24 11:01:53 | INFO     | core.logger_manager:info:69 - Angel LIVE chain ready: 31 strikes | PCR 0.76
2026-08-24 11:01:53 | INFO     | core.logger_manager:info:69 - Market Regime: TRENDING_STRONG | ADX:42.0 RSI:22.5 ATR%:0.05
2026-08-24 11:01:53 | WARNING  | core.logger_manager:warning:72 - Validator REJECT: ['bad_rr_levels']
2026-08-24 11:02:55 | INFO     | core.logger_manager:info:69 - Rate limiter: waiting 2.2s before next request
2026-08-24 11:03:48 | INFO     | core.logger_manager:info:69 - NSE source cooldown: CORSPROXY (60s)
2026-08-24 11:03:49 | INFO     | core.logger_manager:info:69 - Rate limiter: waiting 3.5s before next request
2026-08-24 11:03:53 | INFO     | core.logger_manager:info:69 - Angel LIVE chain ready: 31 strikes | PCR 0.75
2026-08-24 11:03:53 | INFO     | core.logger_manager:info:69 - Market Regime: TRENDING_STRONG | ADX:44.3 RSI:21.6 ATR%:0.05
2026-08-24 11:03:53 | WARNING  | core.logger_manager:warning:72 - Validator REJECT: ['bad_rr_levels']
2026-08-24 11:04:54 | INFO     | core.logger_manager:info:69 - Rate limiter: waiting 3.7s before next request
2026-08-24 11:05:47 | INFO     | core.logger_manager:info:69 - NSE source cooldown: CORSPROXY (60s)
2026-08-24 11:05:48 | INFO     | core.logger_manager:info:69 - Rate limiter: waiting 3.4s before next request
2026-08-24 11:05:52 | INFO     | core.logger_manager:info:69 - Angel LIVE chain ready: 31 strikes | PCR 0.71
2026-08-24 11:05:52 | INFO     | core.logger_manager:info:69 - Market Regime: HIGH_VOLATILITY | ADX:57.6 RSI:16.5 ATR%:0.05
2026-08-24 11:05:52 | INFO     | core.logger_manager:info:69 - 🚀 24300 PE better LTP Rs. 36.65+ MILE in 5 cycles!
2026-08-24 11:05:52 | WARNING  | core.logger_manager:warning:72 - Validator REJECT: ['highvol_min_rr:bad_rr_levels', 'highvol_oi_confirmation:oi_change_8%<10.0%', 'highvol_option_type_zone:option_type_PE_rsi_16_out_of_zone', 'bad_rr_levels']
2026-08-24 11:06:52 | INFO     | core.logger_manager:info:69 - Rate limiter: waiting 3.6s before next request
2026-08-24 11:07:36 | INFO     | core.logger_manager:info:69 - NSE source cooldown: CORSPROXY (60s)
2026-08-24 11:07:37 | INFO     | core.logger_manager:info:69 - Rate limiter: waiting 3.5s before next request
2026-08-24 11:07:41 | INFO     | core.logger_manager:info:69 - Angel LIVE chain ready: 31 strikes | PCR 0.7
2026-08-24 11:07:41 | INFO     | core.logger_manager:info:69 - Market Regime: HIGH_VOLATILITY | ADX:58.7 RSI:18.3 ATR%:0.05
2026-08-24 11:07:41 | WARNING  | core.logger_manager:warning:72 - Validator REJECT: ['highvol_min_rr:bad_rr_levels', 'highvol_oi_confirmation:oi_change_2%<10.0%', 'highvol_volume_filter:vol_139938760<=avg103947714x1.5', 'highvol_option_type_zone:option_type_PE_rsi_18_out_of_zone', 'bad_rr_levels']
2026-08-24 11:09:31 | INFO     | core.logger_manager:info:69 - NSE source cooldown: CORSPROXY (60s)
2026-08-24 11:09:33 | INFO     | core.logger_manager:info:69 - Rate limiter: waiting 3.3s before next request
2026-08-24 11:09:36 | INFO     | core.logger_manager:info:69 - Angel LIVE chain ready: 31 strikes | PCR 0.69
2026-08-24 11:09:36 | INFO     | core.logger_manager:info:69 - Market Regime: HIGH_VOLATILITY | ADX:58.7 RSI:18.5 ATR%:0.05
2026-08-24 11:09:37 | WARNING  | core.logger_manager:warning:72 - Validator REJECT: ['highvol_min_rr:bad_rr_levels', 'highvol_oi_confirmation:oi_change_2%<10.0%', 'highvol_option_type_zone:option_type_PE_rsi_18_out_of_zone', 'bad_rr_levels']
2026-08-24 11:10:37 | INFO     | core.logger_manager:info:69 - Rate limiter: waiting 3.6s before next request
2026-08-24 11:11:30 | INFO     | core.logger_manager:info:69 - NSE source cooldown: CORSPROXY (60s)
2026-08-24 11:11:31 | INFO     | core.logger_manager:info:69 - Rate limiter: waiting 3.5s before next request
2026-08-24 11:11:35 | INFO     | core.logger_manager:info:69 - Angel LIVE chain ready: 31 strikes | PCR 0.72
2026-08-24 11:11:35 | INFO     | core.logger_manager:info:69 - Market Regime: HIGH_VOLATILITY | ADX:59.3 RSI:15.9 ATR%:0.05
2026-08-24 11:11:35 | WARNING  | core.logger_manager:warning:72 - Validator REJECT: ['highvol_min_rr:bad_rr_levels', 'highvol_oi_confirmation:oi_change_1%<10.0%', 'highvol_volume_filter:vol_177458775<=avg126812101x1.5', 'highvol_option_type_zone:option_type_PE_rsi_16_out_of_zone', 'bad_rr_levels']
2026-08-24 11:13:14 | INFO     | core.logger_manager:info:69 - NSE source cooldown: CORSPROXY (60s)
2026-08-24 11:13:14 | INFO     | core.logger_manager:info:69 - Rate limiter: waiting 3.5s before next request
2026-08-24 11:13:18 | INFO     | core.logger_manager:info:69 - Angel LIVE chain ready: 31 strikes | PCR 0.71
2026-08-24 11:13:18 | INFO     | core.logger_manager:info:69 - Market Regime: HIGH_VOLATILITY | ADX:62.2 RSI:14.5 ATR%:0.05
2026-08-24 11:13:18 | WARNING  | core.logger_manager:warning:72 - Validator REJECT: ['highvol_min_rr:bad_rr_levels', 'highvol_oi_confirmation:oi_change_1%<10.0%', 'highvol_volume_filter:vol_70933005<=avg153100337x1.5', 'highvol_option_type_zone:option_type_PE_rsi_14_out_of_zone', 'bad_rr_levels']
2026-08-24 11:15:07 | INFO     | core.logger_manager:info:69 - NSE source cooldown: CORSPROXY (60s)
2026-08-24 11:15:08 | INFO     | core.logger_manager:info:69 - Rate limiter: waiting 3.5s before next request
2026-08-24 11:15:12 | INFO     | core.logger_manager:info:69 - Angel LIVE chain ready: 31 strikes | PCR 0.7
2026-08-24 11:15:12 | INFO     | core.logger_manager:info:69 - Market Regime: HIGH_VOLATILITY | ADX:62.2 RSI:14.6 ATR%:0.05
2026-08-24 11:15:12 | INFO     | core.logger_manager:info:69 - 🚀 24200 PE better LTP Rs. 5.4+ MILE in 5 cycles!
2026-08-24 11:15:12 | WARNING  | core.logger_manager:warning:72 - Validator REJECT: ['highvol_min_rr:bad_rr_levels', 'highvol_oi_confirmation:oi_change_3%<10.0%', 'highvol_volume_filter:vol_73860670<=avg157940614x1.5', 'highvol_option_type_zone:option_type_PE_rsi_15_out_of_zone', 'bad_rr_levels']
2026-08-24 11:16:12 | INFO     | core.logger_manager:info:69 - Rate limiter: waiting 3.7s before next request
2026-08-24 11:17:03 | INFO     | core.logger_manager:info:69 - NSE source cooldown: CORSPROXY (60s)
2026-08-24 11:17:04 | INFO     | core.logger_manager:info:69 - Rate limiter: waiting 3.4s before next request
2026-08-24 11:17:08 | INFO     | core.logger_manager:info:69 - Angel LIVE chain ready: 31 strikes | PCR 0.69
2026-08-24 11:17:08 | INFO     | core.logger_manager:info:69 - Market Regime: HIGH_VOLATILITY | ADX:62.2 RSI:14.9 ATR%:0.05
2026-08-24 11:17:08 | WARNING  | core.logger_manager:warning:72 - Validator REJECT: ['highvol_min_rr:bad_rr_levels', 'highvol_oi_confirmation:oi_change_3%<10.0%', 'highvol_volume_filter:vol_76147825<=avg127290839x1.5', 'highvol_option_type_zone:option_type_PE_rsi_15_out_of_zone', 'bad_rr_levels']
2026-08-24 11:18:43 | INFO     | core.logger_manager:info:69 - Rate limiter: waiting 3.0s before next request
2026-08-24 11:19:50 | INFO     | core.logger_manager:info:69 - NSE source cooldown: CORSPROXY (60s)
2026-08-24 11:19:51 | INFO     | core.logger_manager:info:69 - Rate limiter: waiting 3.4s before next request
2026-08-24 11:19:55 | INFO     | core.logger_manager:info:69 - Angel LIVE chain ready: 31 strikes | PCR 0.68
2026-08-24 11:19:55 | INFO     | core.logger_manager:info:69 - Market Regime: HIGH_VOLATILITY | ADX:62.2 RSI:15.2 ATR%:0.05
2026-08-24 11:19:55 | WARNING  | core.logger_manager:warning:72 - Validator REJECT: ['highvol_min_rr:bad_rr_levels', 'highvol_oi_confirmation:oi_change_5%<10.0%', 'highvol_volume_filter:vol_78337220<=avg114532652x1.5', 'highvol_option_type_zone:option_type_PE_rsi_15_out_of_zone', 'bad_rr_levels']
2026-08-24 11:21:32 | INFO     | core.logger_manager:info:69 - Rate limiter: waiting 2.7s before next request
2026-08-24 11:22:29 | INFO     | core.logger_manager:info:69 - NSE source cooldown: CORSPROXY (60s)
2026-08-24 11:22:31 | INFO     | core.logger_manager:info:69 - Rate limiter: waiting 3.3s before next request
2026-08-24 11:22:34 | INFO     | core.logger_manager:info:69 - Angel LIVE chain ready: 31 strikes | PCR 0.68
2026-08-24 11:22:34 | INFO     | core.logger_manager:info:69 - Market Regime: HIGH_VOLATILITY | ADX:62.8 RSI:14.3 ATR%:0.05
2026-08-24 11:22:34 | WARNING  | core.logger_manager:warning:72 - Validator REJECT: ['highvol_min_rr:bad_rr_levels', 'highvol_oi_confirmation:oi_change_0%<10.0%', 'highvol_volume_filter:vol_80807740<=avg95347499x1.5', 'highvol_option_type_zone:option_type_PE_rsi_14_out_of_zone', 'bad_rr_levels']
2026-08-24 11:23:35 | INFO     | core.logger_manager:info:69 - Rate limiter: waiting 3.6s before next request
2026-08-24 11:24:43 | INFO     | core.logger_manager:info:69 - NSE source cooldown: CORSPROXY (60s)
2026-08-24 11:24:45 | INFO     | core.logger_manager:info:69 - Rate limiter: waiting 2.3s before next request
2026-08-24 11:24:48 | INFO     | core.logger_manager:info:69 - Angel LIVE chain ready: 31 strikes | PCR 0.67
2026-08-24 11:24:48 | INFO     | core.logger_manager:info:69 - Market Regime: HIGH_VOLATILITY | ADX:67.5 RSI:12.4 ATR%:0.05
2026-08-24 11:24:48 | WARNING  | core.logger_manager:warning:72 - Validator REJECT: ['highvol_min_rr:bad_rr_levels', 'highvol_oi_confirmation:oi_change_1%<10.0%', 'highvol_volume_filter:vol_85375290<=avg76017292x1.5', 'highvol_option_type_zone:option_type_PE_rsi_12_out_of_zone', 'bad_rr_levels']
2026-08-24 11:25:55 | INFO     | core.logger_manager:info:69 - Rate limiter: waiting 3.5s before next request
2026-08-24 11:26:59 | INFO     | core.logger_manager:info:69 - NSE source cooldown: CORSPROXY (60s)
2026-08-24 11:26:59 | INFO     | core.logger_manager:info:69 - Rate limiter: waiting 3.7s before next request
2026-08-24 11:27:03 | INFO     | core.logger_manager:info:69 - Angel LIVE chain ready: 31 strikes | PCR 0.66
2026-08-24 11:27:03 | INFO     | core.logger_manager:info:69 - Market Regime: HIGH_VOLATILITY | ADX:67.5 RSI:12.6 ATR%:0.05
2026-08-24 11:27:03 | WARNING  | core.logger_manager:warning:72 - Validator REJECT: ['highvol_min_rr:bad_rr_levels', 'highvol_oi_confirmation:oi_change_1%<10.0%', 'highvol_volume_filter:vol_88689705<=avg78905749x1.5', 'highvol_option_type_zone:option_type_PE_rsi_13_out_of_zone', 'bad_rr_levels']
2026-08-24 11:28:09 | INFO     | core.logger_manager:info:69 - Rate limiter: waiting 3.2s before next request
2026-08-24 11:29:16 | INFO     | core.logger_manager:info:69 - NSE source cooldown: CORSPROXY (60s)
2026-08-24 11:29:26 | INFO     | core.logger_manager:info:69 - Rate limiter: waiting 0.9s before next request
2026-08-24 11:29:29 | INFO     | core.logger_manager:info:69 - Angel LIVE chain ready: 31 strikes | PCR 0.66
2026-08-24 11:29:29 | INFO     | core.logger_manager:info:69 - Market Regime: HIGH_VOLATILITY | ADX:82.1 RSI:8.1 ATR%:0.05
2026-08-24 11:29:29 | WARNING  | core.logger_manager:warning:72 - Validator REJECT: ['highvol_min_rr:bad_rr_levels', 'highvol_oi_confirmation:oi_change_2%<10.0%', 'highvol_volume_filter:vol_90963860<=avg81871556x1.5', 'highvol_option_type_zone:option_type_PE_rsi_8_out_of_zone', 'bad_rr_levels']
2026-08-24 11:31:37 | INFO     | core.logger_manager:info:69 - NSE source cooldown: CORSPROXY (60s)
2026-08-24 11:31:42 | INFO     | core.logger_manager:info:69 - Rate limiter: waiting 1.0s before next request
2026-08-24 11:31:45 | INFO     | core.logger_manager:info:69 - Angel LIVE chain ready: 31 strikes | PCR 0.65
2026-08-24 11:31:45 | INFO     | core.logger_manager:info:69 - Market Regime: EXTREME_VOLATILITY | ADX:86.8 RSI:7.3 ATR%:0.05
2026-08-24 11:31:45 | WARNING  | core.logger_manager:warning:72 - Validator REJECT: ['regime_EXTREME_VOLATILITY', 'bad_rr_levels']
2026-08-24 11:34:31 | INFO     | core.logger_manager:info:69 - NSE source cooldown: CORSPROXY (60s)
2026-08-24 11:34:59 | INFO     | core.logger_manager:info:69 - Rate limiter: pausing 30s after 429/timeout
2026-08-24 11:34:59 | WARNING  | core.logger_manager:warning:72 - Stale data: ['Spot stale 128.1s', 'Chain timestamp missing/invalid'] - retrying fetch
2026-08-24 11:34:59 | INFO     | core.logger_manager:info:69 - Rate limiter: waiting 30.0s before next request (backoff)
2026-08-24 11:35:47 | INFO     | core.logger_manager:info:69 - Rate limiter: waiting 0.8s before next request
2026-08-24 11:35:49 | WARNING  | core.logger_manager:warning:72 - NO_TRADE cycle (stale data): ['Chain timestamp missing/invalid']
2026-08-24 11:40:53 | INFO     | core.logger_manager:info:69 - NSE source cooldown: CORSPROXY (60s)
2026-08-24 11:40:53 | INFO     | core.logger_manager:info:69 - Rate limiter: waiting 3.6s before next request
2026-08-24 11:41:05 | INFO     | core.logger_manager:info:69 - Angel LIVE chain ready: 31 strikes | PCR 0.62
2026-08-24 11:41:05 | WARNING  | core.logger_manager:warning:72 - Stale data: ['Spot stale 124.6s'] - retrying fetch
2026-08-24 11:41:05 | INFO     | core.logger_manager:info:69 - Rate limiter: waiting 3.6s before next request
2026-08-24 11:41:09 | INFO     | core.logger_manager:info:69 - Rate limiter: waiting 3.6s before next request
2026-08-24 11:41:14 | WARNING  | core.logger_manager:warning:72 - NO_TRADE cycle (stale data): ['Chain stale 21.2s']
2026-08-24 11:53:05 | INFO     | core.logger_manager:info:69 - Session refresh: re-login
2026-08-24 11:53:07 | INFO     | core.logger_manager:info:69 - Angel One SmartAPI connected successfully
2026-08-24 11:53:08 | INFO     | core.logger_manager:info:69 - Rate limiter: waiting 3.7s before next request
2026-08-24 11:54:56 | INFO     | core.logger_manager:info:69 - NSE source cooldown: CORSPROXY (60s)
2026-08-24 11:54:57 | INFO     | core.logger_manager:info:69 - Rate limiter: waiting 3.5s before next request
2026-08-24 11:56:12 | INFO     | core.logger_manager:info:69 - Angel LIVE chain ready: 31 strikes | PCR 0.63
2026-08-24 11:56:12 | WARNING  | core.logger_manager:warning:72 - Stale data: ['Spot stale 163.2s', 'Chain stale 76.8s'] - retrying fetch
2026-08-24 11:56:12 | INFO     | core.logger_manager:info:69 - Rate limiter: waiting 3.5s before next request
2026-08-24 11:56:16 | INFO     | core.logger_manager:info:69 - Rate limiter: waiting 3.6s before next request
2026-08-24 11:56:20 | WARNING  | core.logger_manager:warning:72 - NO_TRADE cycle (stale data): ['Chain stale 84.8s']
2026-08-24 11:58:10 | INFO     | core.logger_manager:info:69 - NSE source cooldown: CORSPROXY (60s)
2026-08-24 11:58:11 | INFO     | core.logger_manager:info:69 - Rate limiter: waiting 3.5s before next request
2026-08-24 11:58:16 | INFO     | core.logger_manager:info:69 - Angel LIVE chain ready: 31 strikes | PCR 0.63
2026-08-24 11:58:16 | INFO     | core.logger_manager:info:69 - Market Regime: HIGH_VOLATILITY | ADX:71.1 RSI:18.9 ATR%:0.06
2026-08-24 11:58:16 | WARNING  | core.logger_manager:warning:72 - Validator REJECT: ['highvol_min_rr:bad_rr_levels', 'highvol_oi_confirmation:oi_change_1%<10.0%', 'highvol_direction_with_trend:counter_trend_signal', 'highvol_option_type_zone:option_type_PE_rsi_19_out_of_zone', 'bad_rr_levels']
2026-08-24 12:00:07 | INFO     | core.logger_manager:info:69 - NSE source cooldown: CORSPROXY (60s)
2026-08-24 12:00:08 | INFO     | core.logger_manager:info:69 - Rate limiter: waiting 3.6s before next request
2026-08-24 12:00:13 | INFO     | core.logger_manager:info:69 - Angel LIVE chain ready: 31 strikes | PCR 0.63
2026-08-24 12:00:13 | INFO     | core.logger_manager:info:69 - Market Regime: HIGH_VOLATILITY | ADX:72.0 RSI:16.8 ATR%:0.06
2026-08-24 12:00:13 | WARNING  | core.logger_manager:warning:72 - Validator REJECT: ['highvol_min_rr:bad_rr_levels', 'highvol_oi_confirmation:oi_change_0%<10.0%', 'highvol_volume_filter:vol_140412480<=avg96698810x1.5', 'highvol_direction_with_trend:counter_trend_signal', 'highvol_option_type_zone:option_type_CE_rsi_17_out_of_zone', 'bad_rr_levels']
2026-08-24 12:01:13 | INFO     | core.logger_manager:info:69 - Rate limiter: waiting 3.6s before next request
2026-08-24 12:02:07 | INFO     | core.logger_manager:info:69 - NSE source cooldown: CORSPROXY (60s)
2026-08-24 12:02:08 | INFO     | core.logger_manager:info:69 - Rate limiter: waiting 3.4s before next request
2026-08-24 12:02:12 | INFO     | core.logger_manager:info:69 - Angel LIVE chain ready: 31 strikes | PCR 0.64
2026-08-24 12:02:12 | INFO     | core.logger_manager:info:69 - Market Regime: HIGH_VOLATILITY | ADX:71.8 RSI:18.5 ATR%:0.06
2026-08-24 12:02:12 | INFO     | core.logger_manager:info:69 - 🚀 24150 PE better LTP Rs. 6.5+ MILE in 5 cycles!
2026-08-24 12:02:12 | WARNING  | core.logger_manager:warning:72 - Validator REJECT: ['highvol_min_rr:bad_rr_levels', 'highvol_oi_confirmation:oi_change_1%<10.0%', 'highvol_direction_with_trend:counter_trend_signal', 'highvol_option_type_zone:option_type_PE_rsi_18_out_of_zone', 'bad_rr_levels']
2026-08-24 12:04:02 | INFO     | core.logger_manager:info:69 - NSE source cooldown: CORSPROXY (60s)
2026-08-24 12:04:03 | INFO     | core.logger_manager:info:69 - Rate limiter: waiting 3.5s before next request
2026-08-24 12:04:07 | INFO     | core.logger_manager:info:69 - Angel LIVE chain ready: 31 strikes | PCR 0.64
2026-08-24 12:04:07 | INFO     | core.logger_manager:info:69 - Market Regime: HIGH_VOLATILITY | ADX:71.8 RSI:19.7 ATR%:0.06
2026-08-24 12:04:07 | WARNING  | core.logger_manager:warning:72 - Validator REJECT: ['highvol_min_rr:bad_rr_levels', 'highvol_oi_confirmation:oi_change_1%<10.0%', 'highvol_direction_with_trend:counter_trend_signal', 'highvol_option_type_zone:option_type_PE_rsi_20_out_of_zone', 'bad_rr_levels']
2026-08-24 12:05:07 | INFO     | core.logger_manager:info:69 - Rate limiter: waiting 3.5s before next request
2026-08-24 12:05:49 | INFO     | core.logger_manager:info:69 - NSE source cooldown: CORSPROXY (60s)
2026-08-24 12:05:50 | INFO     | core.logger_manager:info:69 - Rate limiter: waiting 3.3s before next request
2026-08-24 12:05:54 | INFO     | core.logger_manager:info:69 - Angel LIVE chain ready: 31 strikes | PCR 0.63
2026-08-24 12:05:54 | INFO     | core.logger_manager:info:69 - Market Regime: HIGH_VOLATILITY | ADX:65.2 RSI:27.5 ATR%:0.06
2026-08-24 12:05:54 | WARNING  | core.logger_manager:warning:72 - Validator REJECT: ['highvol_min_rr:bad_rr_levels', 'highvol_oi_confirmation:oi_change_0%<10.0%', 'highvol_volume_filter:vol_145497625<=avg181125308x1.5', 'highvol_direction_with_trend:counter_trend_signal', 'highvol_option_type_zone:option_type_PE_rsi_28_out_of_zone', 'bad_rr_levels']
2026-08-24 12:07:43 | INFO     | core.logger_manager:info:69 - NSE source cooldown: CORSPROXY (60s)
2026-08-24 12:07:44 | INFO     | core.logger_manager:info:69 - Rate limiter: waiting 3.4s before next request
2026-08-24 12:07:48 | INFO     | core.logger_manager:info:69 - Angel LIVE chain ready: 31 strikes | PCR 0.64
2026-08-24 12:07:48 | INFO     | core.logger_manager:info:69 - Market Regime: HIGH_VOLATILITY | ADX:65.2 RSI:25.6 ATR%:0.06
2026-08-24 12:07:48 | WARNING  | core.logger_manager:warning:72 - Validator REJECT: ['highvol_min_rr:bad_rr_levels', 'highvol_oi_confirmation:oi_change_3%<10.0%', 'highvol_volume_filter:vol_146630900<=avg192032061x1.5', 'highvol_direction_with_trend:counter_trend_signal', 'highvol_option_type_zone:option_type_PE_rsi_26_out_of_zone', 'bad_rr_levels']
2026-08-24 12:09:37 | INFO     | core.logger_manager:info:69 - NSE source cooldown: CORSPROXY (60s)
2026-08-24 12:09:38 | INFO     | core.logger_manager:info:69 - Rate limiter: waiting 3.6s before next request
2026-08-24 12:09:42 | INFO     | core.logger_manager:info:69 - Angel LIVE chain ready: 31 strikes | PCR 0.64
2026-08-24 12:09:42 | INFO     | core.logger_manager:info:69 - Market Regime: HIGH_VOLATILITY | ADX:65.2 RSI:26.8 ATR%:0.06
2026-08-24 12:09:42 | WARNING  | core.logger_manager:warning:72 - Validator REJECT: ['highvol_min_rr:bad_rr_levels', 'highvol_oi_confirmation:oi_change_0%<10.0%', 'highvol_volume_filter:vol_148026970<=avg193826750x1.5', 'highvol_direction_with_trend:counter_trend_signal', 'highvol_option_type_zone:option_type_PE_rsi_27_out_of_zone', 'bad_rr_levels']
2026-08-24 12:10:43 | INFO     | core.logger_manager:info:69 - Rate limiter: waiting 3.7s before next request
2026-08-24 12:11:39 | INFO     | core.logger_manager:info:69 - NSE source cooldown: CORSPROXY (60s)
2026-08-24 12:11:41 | INFO     | core.logger_manager:info:69 - Rate limiter: waiting 3.1s before next request
2026-08-24 12:11:45 | INFO     | core.logger_manager:info:69 - Angel LIVE chain ready: 31 strikes | PCR 0.64
2026-08-24 12:11:45 | INFO     | core.logger_manager:info:69 - Market Regime: HIGH_VOLATILITY | ADX:64.9 RSI:29.8 ATR%:0.06
2026-08-24 12:11:45 | WARNING  | core.logger_manager:warning:72 - Validator REJECT: ['highvol_min_rr:bad_rr_levels', 'highvol_oi_confirmation:oi_change_2%<10.0%', 'highvol_volume_filter:vol_39286065<=avg195349648x1.5', 'highvol_direction_with_trend:counter_trend_signal', 'highvol_option_type_zone:option_type_CE_rsi_30_out_of_zone', 'bad_rr_levels']
2026-08-24 12:12:45 | INFO     | core.logger_manager:info:69 - Rate limiter: waiting 3.2s before next request
2026-08-24 12:13:48 | INFO     | core.logger_manager:info:69 - NSE source cooldown: CORSPROXY (60s)
2026-08-24 12:13:49 | INFO     | core.logger_manager:info:69 - Rate limiter: waiting 3.2s before next request
2026-08-24 12:13:53 | INFO     | core.logger_manager:info:69 - Angel LIVE chain ready: 31 strikes | PCR 0.64
2026-08-24 12:13:53 | INFO     | core.logger_manager:info:69 - Market Regime: HIGH_VOLATILITY | ADX:52.6 RSI:32.7 ATR%:0.06
2026-08-24 12:13:53 | WARNING  | core.logger_manager:warning:72 - Validator REJECT: ['highvol_min_rr:bad_rr_levels', 'highvol_oi_confirmation:oi_change_0%<10.0%', 'highvol_volume_filter:vol_39727740<=avg149754241x1.5', 'highvol_direction_with_trend:counter_trend_signal', 'highvol_option_type_zone:option_type_CE_rsi_33_out_of_zone', 'bad_rr_levels']
2026-08-24 12:15:53 | INFO     | core.logger_manager:info:69 - NSE source cooldown: CORSPROXY (60s)
2026-08-24 12:15:54 | INFO     | core.logger_manager:info:69 - Rate limiter: waiting 3.4s before next request
2026-08-24 12:15:58 | INFO     | core.logger_manager:info:69 - Angel LIVE chain ready: 31 strikes | PCR 0.64
2026-08-24 12:15:58 | INFO     | core.logger_manager:info:69 - Market Regime: HIGH_VOLATILITY | ADX:52.6 RSI:32.4 ATR%:0.06
2026-08-24 12:15:58 | WARNING  | core.logger_manager:warning:72 - Validator REJECT: ['highvol_min_rr:bad_rr_levels', 'highvol_oi_confirmation:oi_change_0%<10.0%', 'highvol_volume_filter:vol_39964340<=avg103833860x1.5', 'highvol_direction_with_trend:counter_trend_signal', 'highvol_option_type_zone:option_type_CE_rsi_32_out_of_zone', 'bad_rr_levels']
2026-08-24 12:16:58 | INFO     | core.logger_manager:info:69 - Rate limiter: waiting 3.7s before next request
2026-08-24 12:17:42 | INFO     | core.logger_manager:info:69 - NSE source cooldown: CORSPROXY (60s)
2026-08-24 12:17:43 | INFO     | core.logger_manager:info:69 - Rate limiter: waiting 3.6s before next request
2026-08-24 12:17:47 | INFO     | core.logger_manager:info:69 - Angel LIVE chain ready: 31 strikes | PCR 0.65
2026-08-24 12:17:47 | INFO     | core.logger_manager:info:69 - Market Regime: HIGH_VOLATILITY | ADX:48.5 RSI:34.8 ATR%:0.06
2026-08-24 12:17:47 | WARNING  | core.logger_manager:warning:72 - Validator REJECT: ['highvol_min_rr:bad_rr_levels', 'highvol_oi_confirmation:oi_change_0%<10.0%', 'highvol_option_type_zone:option_type_CE_rsi_35_out_of_zone', 'bad_rr_levels']
2026-08-24 12:19:29 | INFO     | core.logger_manager:info:69 - NSE source cooldown: CORSPROXY (60s)
2026-08-24 12:19:30 | INFO     | core.logger_manager:info:69 - Rate limiter: waiting 3.5s before next request
2026-08-24 12:19:34 | INFO     | core.logger_manager:info:69 - Angel LIVE chain ready: 31 strikes | PCR 0.65
2026-08-24 12:19:34 | INFO     | core.logger_manager:info:69 - Market Regime: HIGH_VOLATILITY | ADX:48.5 RSI:34.7 ATR%:0.06
2026-08-24 12:19:34 | WARNING  | core.logger_manager:warning:72 - Validator REJECT: ['highvol_min_rr:bad_rr_levels', 'highvol_oi_confirmation:oi_change_0%<10.0%', 'highvol_option_type_zone:option_type_CE_rsi_35_out_of_zone', 'bad_rr_levels']
2026-08-24 12:20:34 | INFO     | core.logger_manager:info:69 - Rate limiter: waiting 3.7s before next request
2026-08-24 12:21:28 | INFO     | core.logger_manager:info:69 - NSE source cooldown: CORSPROXY (60s)
2026-08-24 12:21:29 | INFO     | core.logger_manager:info:69 - Rate limiter: waiting 3.6s before next request
2026-08-24 12:21:33 | INFO     | core.logger_manager:info:69 - Angel LIVE chain ready: 31 strikes | PCR 0.66
2026-08-24 12:21:33 | INFO     | core.logger_manager:info:69 - Market Regime: HIGH_VOLATILITY | ADX:42.4 RSI:39.1 ATR%:0.06
2026-08-24 12:21:33 | WARNING  | core.logger_manager:warning:72 - Validator REJECT: ['highvol_min_rr:bad_rr_levels', 'highvol_oi_confirmation:oi_change_0%<10.0%', 'highvol_option_type_zone:option_type_CE_rsi_39_out_of_zone', 'bad_rr_levels']
2026-08-24 12:23:23 | INFO     | core.logger_manager:info:69 - NSE source cooldown: CORSPROXY (60s)
2026-08-24 12:23:24 | INFO     | core.logger_manager:info:69 - Rate limiter: waiting 3.6s before next request
2026-08-24 12:23:28 | INFO     | core.logger_manager:info:69 - Angel LIVE chain ready: 31 strikes | PCR 0.65
2026-08-24 12:23:28 | INFO     | core.logger_manager:info:69 - Market Regime: HIGH_VOLATILITY | ADX:42.4 RSI:40.4 ATR%:0.06
2026-08-24 12:23:28 | WARNING  | core.logger_manager:warning:72 - Validator REJECT: ['highvol_min_rr:bad_rr_levels', 'highvol_oi_confirmation:oi_change_0%<10.0%', 'highvol_volume_filter:vol_157151280<=avg109069181x1.5', 'highvol_option_type_zone:option_type_CE_rsi_40_out_of_zone', 'bad_rr_levels']
2026-08-24 12:25:18 | INFO     | core.logger_manager:info:69 - NSE source cooldown: CORSPROXY (60s)
2026-08-24 12:25:19 | INFO     | core.logger_manager:info:69 - Rate limiter: waiting 3.5s before next request
2026-08-24 12:25:23 | INFO     | core.logger_manager:info:69 - Angel LIVE chain ready: 31 strikes | PCR 0.65
2026-08-24 12:25:23 | INFO     | core.logger_manager:info:69 - Market Regime: HIGH_VOLATILITY | ADX:42.4 RSI:40.3 ATR%:0.06
2026-08-24 12:25:23 | WARNING  | core.logger_manager:warning:72 - Validator REJECT: ['highvol_min_rr:bad_rr_levels', 'highvol_oi_confirmation:oi_change_0%<10.0%', 'highvol_volume_filter:vol_41592135<=avg132553889x1.5', 'highvol_option_type_zone:option_type_CE_rsi_40_out_of_zone', 'bad_rr_levels']
2026-08-24 12:26:24 | INFO     | core.logger_manager:info:69 - Rate limiter: waiting 3.7s before next request
2026-08-24 12:27:18 | INFO     | core.logger_manager:info:69 - NSE source cooldown: CORSPROXY (60s)
2026-08-24 12:27:19 | INFO     | core.logger_manager:info:69 - Rate limiter: waiting 3.6s before next request
2026-08-24 12:27:23 | INFO     | core.logger_manager:info:69 - Angel LIVE chain ready: 31 strikes | PCR 0.65
2026-08-24 12:27:23 | INFO     | core.logger_manager:info:69 - Market Regime: HIGH_VOLATILITY | ADX:38.3 RSI:38.4 ATR%:0.06
2026-08-24 12:27:23 | WARNING  | core.logger_manager:warning:72 - Validator REJECT: ['highvol_min_rr:bad_rr_levels', 'highvol_oi_confirmation:oi_change_1%<10.0%', 'highvol_volume_filter:vol_42068130<=avg132879448x1.5', 'highvol_option_type_zone:option_type_CE_rsi_38_out_of_zone', 'bad_rr_levels']
2026-08-24 12:29:14 | INFO     | core.logger_manager:info:69 - NSE source cooldown: CORSPROXY (60s)
2026-08-24 12:29:15 | INFO     | core.logger_manager:info:69 - Rate limiter: waiting 3.4s before next request
2026-08-24 12:29:19 | INFO     | core.logger_manager:info:69 - Angel LIVE chain ready: 31 strikes | PCR 0.65
2026-08-24 12:29:19 | INFO     | core.logger_manager:info:69 - Market Regime: HIGH_VOLATILITY | ADX:38.3 RSI:36.1 ATR%:0.06
2026-08-24 12:29:19 | WARNING  | core.logger_manager:warning:72 - Validator REJECT: ['highvol_min_rr:bad_rr_levels', 'highvol_oi_confirmation:oi_change_0%<10.0%', 'highvol_volume_filter:vol_42560115<=avg110396897x1.5', 'highvol_option_type_zone:option_type_CE_rsi_36_out_of_zone', 'bad_rr_levels']
2026-08-24 12:30:21 | INFO     | core.logger_manager:info:69 - Rate limiter: waiting 1.9s before next request
2026-08-24 12:31:05 | INFO     | core.logger_manager:info:69 - NSE source cooldown: CORSPROXY (60s)
2026-08-24 12:31:07 | INFO     | core.logger_manager:info:69 - Rate limiter: waiting 3.3s before next request
2026-08-24 12:31:10 | INFO     | core.logger_manager:info:69 - Angel LIVE chain ready: 31 strikes | PCR 0.66
2026-08-24 12:31:10 | INFO     | core.logger_manager:info:69 - Market Regime: HIGH_VOLATILITY | ADX:44.3 RSI:34.2 ATR%:0.06
2026-08-24 12:31:10 | WARNING  | core.logger_manager:warning:72 - Validator REJECT: ['highvol_min_rr:bad_rr_levels', 'highvol_oi_confirmation:oi_change_0%<10.0%', 'highvol_option_type_zone:option_type_CE_rsi_34_out_of_zone', 'bad_rr_levels']
2026-08-24 12:32:11 | INFO     | core.logger_manager:info:69 - Rate limiter: waiting 3.6s before next request
2026-08-24 12:33:04 | INFO     | core.logger_manager:info:69 - NSE source cooldown: CORSPROXY (60s)
2026-08-24 12:33:05 | INFO     | core.logger_manager:info:69 - Rate limiter: waiting 3.5s before next request
2026-08-24 12:33:09 | INFO     | core.logger_manager:info:69 - Angel LIVE chain ready: 31 strikes | PCR 0.66
2026-08-24 12:33:09 | INFO     | core.logger_manager:info:69 - Market Regime: HIGH_VOLATILITY | ADX:44.3 RSI:34.6 ATR%:0.06
2026-08-24 12:33:09 | WARNING  | core.logger_manager:warning:72 - Validator REJECT: ['highvol_min_rr:bad_rr_levels', 'highvol_oi_confirmation:oi_change_1%<10.0%', 'highvol_option_type_zone:option_type_CE_rsi_35_out_of_zone', 'bad_rr_levels']
2026-08-24 12:34:10 | INFO     | core.logger_manager:info:69 - Rate limiter: waiting 3.5s before next request
2026-08-24 12:35:03 | INFO     | core.logger_manager:info:69 - NSE source cooldown: CORSPROXY (60s)
2026-08-24 12:35:04 | INFO     | core.logger_manager:info:69 - Rate limiter: waiting 3.5s before next request
2026-08-24 12:35:09 | INFO     | core.logger_manager:info:69 - Angel LIVE chain ready: 31 strikes | PCR 0.66
2026-08-24 12:35:09 | INFO     | core.logger_manager:info:69 - Market Regime: HIGH_VOLATILITY | ADX:44.3 RSI:34.9 ATR%:0.06
2026-08-24 12:35:09 | WARNING  | core.logger_manager:warning:72 - Validator REJECT: ['highvol_min_rr:bad_rr_levels', 'highvol_oi_confirmation:oi_change_0%<10.0%', 'highvol_volume_filter:vol_43984525<=avg90680031x1.5', 'highvol_option_type_zone:option_type_CE_rsi_35_out_of_zone', 'bad_rr_levels']
2026-08-24 12:36:11 | INFO     | core.logger_manager:info:69 - Rate limiter: waiting 3.6s before next request
2026-08-24 12:37:18 | INFO     | core.logger_manager:info:69 - NSE source cooldown: CORSPROXY (60s)
2026-08-24 12:37:19 | INFO     | core.logger_manager:info:69 - Rate limiter: waiting 3.4s before next request
2026-08-24 12:37:24 | INFO     | core.logger_manager:info:69 - Angel LIVE chain ready: 31 strikes | PCR 0.66
2026-08-24 12:37:24 | INFO     | core.logger_manager:info:69 - Market Regime: HIGH_VOLATILITY | ADX:44.3 RSI:35.2 ATR%:0.06
2026-08-24 12:37:24 | WARNING  | core.logger_manager:warning:72 - Validator REJECT: ['highvol_min_rr:bad_rr_levels', 'highvol_oi_confirmation:oi_change_1%<10.0%', 'highvol_volume_filter:vol_44684770<=avg91158509x1.5', 'highvol_option_type_zone:option_type_CE_rsi_35_out_of_zone', 'bad_rr_levels']
2026-08-24 12:38:39 | INFO     | core.logger_manager:info:69 - Rate limiter: waiting 3.7s before next request
2026-08-24 12:40:08 | INFO     | core.logger_manager:info:69 - NSE source cooldown: CORSPROXY (60s)
2026-08-24 12:40:09 | INFO     | core.logger_manager:info:69 - Rate limiter: waiting 3.4s before next request
2026-08-24 12:41:31 | INFO     | core.logger_manager:info:69 - Angel LIVE chain ready: 31 strikes | PCR 0.66
2026-08-24 12:41:31 | WARNING  | core.logger_manager:warning:72 - Stale data: ['Spot stale 166.0s', 'Chain stale 82.9s'] - retrying fetch
2026-08-24 12:41:31 | INFO     | core.logger_manager:info:69 - Rate limiter: waiting 3.5s before next request
2026-08-24 12:41:43 | INFO     | core.logger_manager:info:69 - Rate limiter: waiting 3.6s before next request
2026-08-24 12:42:56 | WARNING  | core.logger_manager:warning:72 - NO_TRADE cycle (stale data): ['Chain stale 168.2s']
2026-08-24 12:43:56 | INFO     | core.logger_manager:info:69 - Session refresh: re-login
2026-08-24 12:44:01 | INFO     | core.logger_manager:info:69 - Angel One SmartAPI connected successfully
2026-08-24 12:44:02 | INFO     | core.logger_manager:info:69 - Rate limiter: waiting 3.1s before next request
2026-08-24 12:45:14 | INFO     | core.logger_manager:info:69 - NSE source cooldown: CORSPROXY (60s)
2026-08-24 12:45:16 | INFO     | core.logger_manager:info:69 - Rate limiter: waiting 3.0s before next request
2026-08-24 12:45:19 | INFO     | core.logger_manager:info:69 - Angel LIVE chain ready: 31 strikes | PCR 0.66
2026-08-24 12:45:19 | INFO     | core.logger_manager:info:69 - Market Regime: HIGH_VOLATILITY | ADX:21.8 RSI:49.7 ATR%:0.05
2026-08-24 12:45:19 | WARNING  | core.logger_manager:warning:72 - Validator REJECT: ['highvol_min_rr:bad_rr_levels', 'highvol_oi_confirmation:oi_change_5%<10.0%', 'highvol_volume_filter:vol_47138715<=avg91681837x1.5', 'highvol_option_type_zone:option_type_CE_rsi_50_out_of_zone', 'bad_rr_levels']
2026-08-24 12:46:21 | INFO     | core.logger_manager:info:69 - Rate limiter: waiting 2.4s before next request
2026-08-24 12:47:37 | INFO     | core.logger_manager:info:69 - NSE source cooldown: CORSPROXY (60s)
2026-08-24 12:47:40 | INFO     | core.logger_manager:info:69 - Rate limiter: waiting 2.3s before next request
2026-08-24 12:47:43 | INFO     | core.logger_manager:info:69 - Angel LIVE chain ready: 31 strikes | PCR 0.66
2026-08-24 12:47:43 | INFO     | core.logger_manager:info:69 - Market Regime: HIGH_VOLATILITY | ADX:15.0 RSI:49.7 ATR%:0.05
2026-08-24 12:47:43 | WARNING  | core.logger_manager:warning:72 - Validator REJECT: ['highvol_min_rr:bad_rr_levels', 'highvol_oi_confirmation:oi_change_1%<10.0%', 'highvol_volume_filter:vol_47578505<=avg92597557x1.5', 'highvol_option_type_zone:option_type_CE_rsi_50_out_of_zone', 'bad_rr_levels']
2026-08-24 12:49:43 | INFO     | core.logger_manager:info:69 - NSE source cooldown: CORSPROXY (60s)
2026-08-24 12:49:45 | INFO     | core.logger_manager:info:69 - Rate limiter: waiting 3.1s before next request
2026-08-24 12:49:48 | INFO     | core.logger_manager:info:69 - Angel LIVE chain ready: 31 strikes | PCR 0.65
2026-08-24 12:49:48 | INFO     | core.logger_manager:info:69 - Market Regime: HIGH_VOLATILITY | ADX:15.0 RSI:51.0 ATR%:0.05
2026-08-24 12:49:48 | WARNING  | core.logger_manager:warning:72 - Validator REJECT: ['highvol_min_rr:bad_rr_levels', 'highvol_oi_confirmation:oi_change_2%<10.0%', 'highvol_volume_filter:vol_48327305<=avg69500002x1.5', 'highvol_option_type_zone:option_type_CE_rsi_51_out_of_zone', 'bad_rr_levels']
2026-08-24 12:50:49 | INFO     | core.logger_manager:info:69 - Rate limiter: waiting 3.6s before next request
2026-08-24 12:51:45 | INFO     | core.logger_manager:info:69 - NSE source cooldown: CORSPROXY (60s)
2026-08-24 12:51:48 | INFO     | core.logger_manager:info:69 - Rate limiter: waiting 3.4s before next request
2026-08-24 12:51:58 | INFO     | core.logger_manager:info:69 - Angel LIVE chain ready: 31 strikes | PCR 0.65
2026-08-24 12:51:58 | INFO     | core.logger_manager:info:69 - Market Regime: HIGH_VOLATILITY | ADX:24.3 RSI:46.0 ATR%:0.05
2026-08-24 12:51:58 | WARNING  | core.logger_manager:warning:72 - Validator REJECT: ['highvol_min_rr:bad_rr_levels', 'highvol_oi_confirmation:oi_change_0%<10.0%', 'highvol_volume_filter:vol_48841325<=avg46342764x1.5', 'highvol_option_type_zone:option_type_CE_rsi_46_out_of_zone', 'bad_rr_levels']
2026-08-24 12:54:02 | INFO     | core.logger_manager:info:69 - NSE source cooldown: CORSPROXY (60s)
2026-08-24 12:54:04 | INFO     | core.logger_manager:info:69 - Rate limiter: waiting 3.3s before next request
2026-08-24 12:54:07 | INFO     | core.logger_manager:info:69 - Angel LIVE chain ready: 31 strikes | PCR 0.64
2026-08-24 12:54:07 | INFO     | core.logger_manager:info:69 - Market Regime: HIGH_VOLATILITY | ADX:24.3 RSI:47.3 ATR%:0.05
2026-08-24 12:54:07 | WARNING  | core.logger_manager:warning:72 - Validator REJECT: ['highvol_min_rr:bad_rr_levels', 'highvol_oi_confirmation:oi_change_2%<10.0%', 'highvol_volume_filter:vol_49650445<=avg47314124x1.5', 'highvol_option_type_zone:option_type_CE_rsi_47_out_of_zone', 'bad_rr_levels']
2026-08-24 12:55:08 | INFO     | core.logger_manager:info:69 - Rate limiter: waiting 3.1s before next request
2026-08-24 12:56:07 | INFO     | core.logger_manager:info:69 - NSE source cooldown: CORSPROXY (60s)
2026-08-24 12:56:09 | INFO     | core.logger_manager:info:69 - Rate limiter: waiting 3.5s before next request
2026-08-24 12:56:15 | INFO     | core.logger_manager:info:69 - Angel LIVE chain ready: 31 strikes | PCR 0.64
2026-08-24 12:56:15 | INFO     | core.logger_manager:info:69 - Market Regime: HIGH_VOLATILITY | ADX:24.3 RSI:47.8 ATR%:0.05
2026-08-24 12:56:15 | WARNING  | core.logger_manager:warning:72 - Validator REJECT: ['highvol_min_rr:bad_rr_levels', 'highvol_oi_confirmation:oi_change_0%<10.0%', 'highvol_option_type_zone:option_type_CE_rsi_48_out_of_zone', 'bad_rr_levels']
2026-08-24 12:57:26 | INFO     | core.logger_manager:info:69 - Rate limiter: waiting 2.5s before next request
2026-08-24 12:57:40 | INFO     | core.logger_manager:info:69 - Rate limiter: pausing 30s after 429/timeout
2026-08-24 12:57:49 | INFO     | core.logger_manager:info:69 - Rate limiter: pausing 30s after 429/timeout
2026-08-24 12:58:31 | INFO     | core.logger_manager:info:69 - Starting graceful shutdown...
2026-08-24 12:58:41 | INFO     | core.logger_manager:info:69 - Market data connection closed
2026-08-24 12:58:41 | INFO     | core.logger_manager:info:69 - Market engine closed
2026-08-24 12:58:41 | INFO     | core.logger_manager:info:69 - Option Chain Engine shutdown
2026-08-24 12:58:41 | INFO     | core.logger_manager:info:69 - Option engine closed
2026-08-24 12:58:41 | INFO     | core.logger_manager:info:69 - Database saved and closed
2026-08-24 12:58:45 | WARNING  | core.logger_manager:warning:72 - Telegram timeout/blocked. Skipping to protect analysis loop.
2026-08-24 12:58:45 | INFO     | core.logger_manager:info:69 - Graceful shutdown complete
